1,beet_1.png,beet,1
2,beet_2.png,beet,2
3,beet_3.png,beet,3
4,beet_4.png,beet,4
5,beet_5.png,beet,5
6,beet_6.png,beet,6
7,beet_7.png,beet,7
8,beet_8.png,beet,8
9,beet_9.png,beet,9
10,beet_10.png,beet,10
11,beet_11.png,beet,11
12,beet_12.png,beet,12
13,beet_13.png,beet,13
14,cabbage_1.png,cabbage,1
15,cabbage_2.png,cabbage,2
16,cabbage_3.png,cabbage,3
17,cabbage_4.png,cabbage,4
18,cabbage_5.png,cabbage,5
19,cabbage_6.png,cabbage,6
20,cabbage_7.png,cabbage,7
21,cabbage_8.png,cabbage,8
22,cabbage_9.png,cabbage,9
23,cabbage_10.png,cabbage,10
24,cabbage_11.png,cabbage,11
25,cabbage_12.png,cabbage,12
26,cabbage_13.png,cabbage,13
27,cabbage_14.png,cabbage,14
28,cabbage_15.png,cabbage,15
29,cabbage_16.png,cabbage,16
30,cabbage_17.png,cabbage,17
31,cabbage_18.png,cabbage,18
32,cabbage_19.png,cabbage,19
33,cabbage_20.png,cabbage,20
34,carrot_1.png,carrot,1
35,carrot_2.png,carrot,2
36,carrot_3.png,carrot,3
37,carrot_4.png,carrot,4
38,carrot_5.png,carrot,5
39,carrot_6.png,carrot,6
40,carrot_7.png,carrot,7
41,carrot_8.png,carrot,8
42,carrot_9.png,carrot,9
43,carrot_10.png,carrot,10
44,carrot_11.png,carrot,11
45,carrot_12.png,carrot,12
46,carrot_13.png,carrot,13
47,carrot_14.png,carrot,14
48,carrot_15.png,carrot,15
49,carrot_16.png,carrot,16
50,corn_1.png,corn,1
51,corn_2.png,corn,2
52,corn_3.png,corn,3
53,corn_4.png,corn,4
54,corn_5.png,corn,5
55,corn_6.png,corn,6
56,corn_7.png,corn,7
57,corn_8.png,corn,8
58,corn_9.png,corn,9
59,corn_10.png,corn,10
60,corn_11.png,corn,11
61,corn_12.png,corn,12
62,corn_13.png,corn,13
63,corn_14.png,corn,14
64,corn_15.png,corn,15
65,corn_16.png,corn,16
66,corn_17.png,corn,17
67,corn_18.png,corn,18
68,corn_19.png,corn,19
69,corn_20.png,corn,20
70,cucumber_1.png,cucumber,1
71,cucumber_2.png,cucumber,2
72,cucumber_3.png,cucumber,3
73,cucumber_4.png,cucumber,4
74,cucumber_5.png,cucumber,5
75,cucumber_6.png,cucumber,6
76,cucumber_7.png,cucumber,7
77,cucumber_8.png,cucumber,8
78,cucumber_9.png,cucumber,9
79,cucumber_10.png,cucumber,10
80,cucumber_11.png,cucumber,11
81,cucumber_12.png,cucumber,12
82,cucumber_13.png,cucumber,13
83,cucumber_14.png,cucumber,14
84,cucumber_15.png,cucumber,15
85,cucumber_16.png,cucumber,16
86,cucumber_17.png,cucumber,17
87,cucumber_18.png,cucumber,18
88,cucumber_19.png,cucumber,19
89,cucumber_20.png,cucumber,20
90,eggplant_1.png,eggplant,1
91,eggplant_2.png,eggplant,2
92,eggplant_3.png,eggplant,3
93,eggplant_4.png,eggplant,4
94,eggplant_5.png,eggplant,5
95,eggplant_6.png,eggplant,6
96,eggplant_7.png,eggplant,7
97,eggplant_8.png,eggplant,8
98,eggplant_9.png,eggplant,9
99,onion_1.png,onion,1
100,onion_2.png,onion,2
101,onion_3.png,onion,3
102,onion_4.png,onion,4
103,onion_5.png,onion,5
104,onion_6.png,onion,6
105,peas_1.png,peas,1
106,peas_2.png,peas,2
107,peas_3.png,peas,3
108,peas_4.png,peas,4
109,peas_5.png,peas,5
110,peas_6.png,peas,6
111,peas_7.png,peas,7
112,peas_8.png,peas,8
113,pepper_1.png,pepper,1
114,pepper_2.png,pepper,2
115,pepper_3.png,pepper,3
116,pepper_4.png,pepper,4
117,pepper_5.png,pepper,5
118,pepper_6.png,pepper,6
119,pepper_7.png,pepper,7
120,pepper_8.png,pepper,8
121,pepper_9.png,pepper,9
122,pepper_10.png,pepper,10
123,pepper_11.png,pepper,11
124,pepper_12.png,pepper,12
125,potato_1.png,potato,1
126,potato_2.png,potato,2
127,potato_3.png,potato,3
128,potato_4.png,potato,4
129,potato_5.png,potato,5
130,potato_6.png,potato,6
131,potato_7.png,potato,7
132,pumpkin_1.png,pumpkin,1
133,pumpkin_2.png,pumpkin,2
134,pumpkin_3.png,pumpkin,3
135,pumpkin_4.png,pumpkin,4
136,pumpkin_5.png,pumpkin,5
137,pumpkin_6.png,pumpkin,6
138,pumpkin_7.png,pumpkin,7
139,pumpkin_8.png,pumpkin,8
140,pumpkin_9.png,pumpkin,9
141,pumpkin_10.png,pumpkin,10
142,pumpkin_11.png,pumpkin,11
143,pumpkin_12.png,pumpkin,12
144,pumpkin_13.png,pumpkin,13
145,pumpkin_14.png,pumpkin,14
146,pumpkin_15.png,pumpkin,15
147,pumpkin_16.png,pumpkin,16
148,pumpkin_17.png,pumpkin,17
149,pumpkin_18.png,pumpkin,18
150,pumpkin_19.png,pumpkin,19
151,pumpkin_20.png,pumpkin,20
152,radish_1.png,radish,1
153,radish_2.png,radish,2
154,radish_3.png,radish,3
155,radish_4.png,radish,4
156,radish_5.png,radish,5
157,radish_6.png,radish,6
158,radish_7.png,radish,7
159,radish_8.png,radish,8
160,salad_1.png,salad,1
161,salad_2.png,salad,2
162,salad_3.png,salad,3
163,salad_4.png,salad,4
164,salad_5.png,salad,5
165,salad_6.png,salad,6
166,salad_7.png,salad,7
167,spinach_1.png,spinach,1
168,spinach_2.png,spinach,2
169,spinach_3.png,spinach,3
170,spinach_4.png,spinach,4
171,spinach_5.png,spinach,5
172,tomat_1.png,tomato,1
173,tomat_2.png,tomato,2
174,tomat_3.png,tomato,3
175,tomat_4.png,tomato,4
176,tomat_5.png,tomato,5
177,tomat_6.png,tomato,6
178,tomat_7.png,tomato,7
179,tomat_8.png,tomato,8
180,tomat_9.png,tomato,9
181,tomat_10.png,tomato,10
182,tomat_11.png,tomato,11
183,tomat_12.png,tomato,12
184,tomat_13.png,tomato,13
185,tomat_14.png,tomato,14
186,tomat_15.png,tomato,15
187,tomat_16.png,tomato,16
188,tomat_17.png,tomato,17
189,tomat_18.png,tomato,18
190,tomat_19.png,tomato,19
191,tomat_20.png,tomato,20
192,watermelon_1.png,watermelon,1
193,watermelon_2.png,watermelon,2
194,watermelon_3.png,watermelon,3
195,watermelon_4.png,watermelon,4
196,watermelon_5.png,watermelon,5
197,watermelon_6.png,watermelon,6
198,watermelon_7.png,watermelon,7
199,watermelon_8.png,watermelon,8
200,watermelon_9.png,watermelon,9
201,watermelon_10.png,watermelon,10
202,watermelon_11.png,watermelon,11
203,watermelon_12.png,watermelon,12
204,watermelon_13.png,watermelon,13
205,watermelon_14.png,watermelon,14
206,watermelon_15.png,watermelon,15
207,watermelon_16.png,watermelon,16
208,watermelon_17.png,watermelon,17
209,watermelon_18.png,watermelon,18
210,watermelon_19.png,watermelon,19
211,wheat_1.png,wheat,1
212,wheat_2.png,wheat,2
213,wheat_3.png,wheat,3
214,wheat_4.png,wheat,4
215,wheat_5.png,wheat,5
216,wheat_6.png,wheat,6
217,wheat_7.png,wheat,7
